// Jest Snapshot v1, https://goo.gl/fbAQLP

exports[`RecipesTable table snapshot 1`] = `
{
  "asFragment": [Function],
  "baseElement": <body>
    <div>
      <div>
        <table
          data-highlight-on-hover="true"
          data-striped="true"
        >
          <thead>
            <tr>
              <th>
                Name
              </th>
              <th>
                Description
              </th>
              <th>
                Main Ingredient
              </th>
              <th>
                Ingredients
              </th>
            </tr>
            <tr>
              <th>
                <input
                  placeholder="Filter by name"
                  type="text"
                  value=""
                />
              </th>
              <th>
                <input
                  placeholder="Filter by description"
                  type="text"
                  value=""
                />
              </th>
              <th>
                <select>
                  <option
                    disabled=""
                    value=""
                  >
                    Filter by ingredients
                  </option>
                  <option
                    value="MainIngredient1"
                  >
                    MainIngredient1
                  </option>
                  <option
                    value="MainIngredient2"
                  >
                    MainIngredient2
                  </option>
                </select>
              </th>
              <th>
                <select
                  multiple=""
                >
                  <option
                    value="Ingredient1"
                  >
                    Ingredient1
                  </option>
                  <option
                    value="Ingredient2"
                  >
                    Ingredient2
                  </option>
                </select>
              </th>
            </tr>
          </thead>
          <tbody>
            <tr>
              <td>
                <a
                  href="recipe/1"
                >
                  Test Recipe
                </a>
              </td>
              <td>
                Test Description
              </td>
              <td>
                <span>
                  Test Main
                  :
                  1
                  g
                </span>
              </td>
              <td />
            </tr>
          </tbody>
        </table>
      </div>
    </div>
  </body>,
  "container": <div>
    <div>
      <table
        data-highlight-on-hover="true"
        data-striped="true"
      >
        <thead>
          <tr>
            <th>
              Name
            </th>
            <th>
              Description
            </th>
            <th>
              Main Ingredient
            </th>
            <th>
              Ingredients
            </th>
          </tr>
          <tr>
            <th>
              <input
                placeholder="Filter by name"
                type="text"
                value=""
              />
            </th>
            <th>
              <input
                placeholder="Filter by description"
                type="text"
                value=""
              />
            </th>
            <th>
              <select>
                <option
                  disabled=""
                  value=""
                >
                  Filter by ingredients
                </option>
                <option
                  value="MainIngredient1"
                >
                  MainIngredient1
                </option>
                <option
                  value="MainIngredient2"
                >
                  MainIngredient2
                </option>
              </select>
            </th>
            <th>
              <select
                multiple=""
              >
                <option
                  value="Ingredient1"
                >
                  Ingredient1
                </option>
                <option
                  value="Ingredient2"
                >
                  Ingredient2
                </option>
              </select>
            </th>
          </tr>
        </thead>
        <tbody>
          <tr>
            <td>
              <a
                href="recipe/1"
              >
                Test Recipe
              </a>
            </td>
            <td>
              Test Description
            </td>
            <td>
              <span>
                Test Main
                :
                1
                g
              </span>
            </td>
            <td />
          </tr>
        </tbody>
      </table>
    </div>
  </div>,
  "debug": [Function],
  "findAllByAltText": [Function],
  "findAllByDisplayValue": [Function],
  "findAllByLabelText": [Function],
  "findAllByPlaceholderText": [Function],
  "findAllByRole": [Function],
  "findAllByTestId": [Function],
  "findAllByText": [Function],
  "findAllByTitle": [Function],
  "findByAltText": [Function],
  "findByDisplayValue": [Function],
  "findByLabelText": [Function],
  "findByPlaceholderText": [Function],
  "findByRole": [Function],
  "findByTestId": [Function],
  "findByText": [Function],
  "findByTitle": [Function],
  "getAllByAltText": [Function],
  "getAllByDisplayValue": [Function],
  "getAllByLabelText": [Function],
  "getAllByPlaceholderText": [Function],
  "getAllByRole": [Function],
  "getAllByTestId": [Function],
  "getAllByText": [Function],
  "getAllByTitle": [Function],
  "getByAltText": [Function],
  "getByDisplayValue": [Function],
  "getByLabelText": [Function],
  "getByPlaceholderText": [Function],
  "getByRole": [Function],
  "getByTestId": [Function],
  "getByText": [Function],
  "getByTitle": [Function],
  "queryAllByAltText": [Function],
  "queryAllByDisplayValue": [Function],
  "queryAllByLabelText": [Function],
  "queryAllByPlaceholderText": [Function],
  "queryAllByRole": [Function],
  "queryAllByTestId": [Function],
  "queryAllByText": [Function],
  "queryAllByTitle": [Function],
  "queryByAltText": [Function],
  "queryByDisplayValue": [Function],
  "queryByLabelText": [Function],
  "queryByPlaceholderText": [Function],
  "queryByRole": [Function],
  "queryByTestId": [Function],
  "queryByText": [Function],
  "queryByTitle": [Function],
  "rerender": [Function],
  "unmount": [Function],
}
`;
